// Jest Snapshot v1, https://goo.gl/fbAQLP

exports[`Image should render correctly 1`] = `
<Image
  alt="Image alt"
  className="class"
  src="http://dummyimage.jpg"
>
  <img
    alt="Image alt"
    className="class"
    src="http://dummyimage.jpg"
  />
</Image>
`;
